1518-11-01 #10 .....####################.....#########################.....
1518-11-02 #99 ........................................##########..........
1518-11-03 #10 ........................#####...............................
1518-11-04 #99 ....................................##########..............
1518-11-05 #99 .............................................##########.....
