1518-11-01 #10 .....####################.....#########################.....
