1518-11-01 #10 .....####################.....#########################.....
1518-11-02 #99 ........................................##########..........
