1518-11-02 #99 ........................................##########..........
